#-----------------------------------------------------------
# Vivado v2021.2 (64-bit)
# SW Build 3367213 on Tue Oct 19 02:47:39 MDT 2021
# IP Build 3369179 on Thu Oct 21 08:25:16 MDT 2021
# Start of session at: Mon May 30 14:10:29 2022
# Process ID: 7780
# Current directory: /home/lsriw
# Command line: vivado
# Log file: /home/lsriw/vivado.log
# Journal file: /home/lsriw/vivado.jou
# Running On: lsriw-koscielec, OS: Linux, CPU Frequency: 2200.000 MHz, CPU Physical cores: 24, Host memory: 67337 MB
#-----------------------------------------------------------
start_gui
open_project /home/lsriw/SR/LechowiczMarek/lab8_1/hdmi_vga_zybo.xpr/hdmi_vga_zybo/hdmi_vga_zybo.xpr
update_compile_order -fileset sources_1
reset_run synth_1
launch_runs impl_1 -to_step write_bitstream -jobs 24
wait_on_run impl_1
open_run impl_1
open_hw_manager
connect_hw_server -allow_non_jtag
open_hw_target
set_property PROGRAM.FILE {/home/lsriw/SR/LechowiczMarek/lab8_1/hdmi_vga_zybo.xpr/hdmi_vga_zybo/hdmi_vga_zybo.runs/impl_1/hdmi_vga_wrapper.bit} [get_hw_devices xc7z010_1]
set_property PROBES.FILE {/home/lsriw/SR/LechowiczMarek/lab8_1/hdmi_vga_zybo.xpr/hdmi_vga_zybo/hdmi_vga_zybo.runs/impl_1/hdmi_vga_wrapper.ltx} [get_hw_devices xc7z010_1]
set_property FULL_PROBES.FILE {/home/lsriw/SR/LechowiczMarek/lab8_1/hdmi_vga_zybo.xpr/hdmi_vga_zybo/hdmi_vga_zybo.runs/impl_1/hdmi_vga_wrapper.ltx} [get_hw_devices xc7z010_1]
current_hw_device [get_hw_devices xc7z010_1]
refresh_hw_device [lindex [get_hw_devices xc7z010_1] 0]
set_property PROBES.FILE {/home/lsriw/SR/LechowiczMarek/lab8_1/hdmi_vga_zybo.xpr/hdmi_vga_zybo/hdmi_vga_zybo.runs/impl_1/hdmi_vga_wrapper.ltx} [get_hw_devices xc7z010_1]
set_property FULL_PROBES.FILE {/home/lsriw/SR/LechowiczMarek/lab8_1/hdmi_vga_zybo.xpr/hdmi_vga_zybo/hdmi_vga_zybo.runs/impl_1/hdmi_vga_wrapper.ltx} [get_hw_devices xc7z010_1]
set_property PROGRAM.FILE {/home/lsriw/SR/LechowiczMarek/lab8_1/hdmi_vga_zybo.xpr/hdmi_vga_zybo/hdmi_vga_zybo.runs/impl_1/hdmi_vga_wrapper.bit} [get_hw_devices xc7z010_1]
program_hw_devices [get_hw_devices xc7z010_1]
refresh_hw_device [lindex [get_hw_devices xc7z010_1] 0]
display_hw_ila_data [ get_hw_ila_data hw_ila_data_1 -of_objects [get_hw_ilas -of_objects [get_hw_devices xc7z010_1] -filter {CELL_NAME=~"hdmi_vga_i/dvi2rgb_0/U0/GenerateDebug.ILA_PixClkx"}]]
display_hw_ila_data [ get_hw_ila_data hw_ila_data_2 -of_objects [get_hw_ilas -of_objects [get_hw_devices xc7z010_1] -filter {CELL_NAME=~"hdmi_vga_i/dvi2rgb_0/U0/GenerateDebug.ILA_RefClkx"}]]
update_module_reference hdmi_vga_vp_0_0
reset_run synth_1
launch_runs impl_1 -to_step write_bitstream -jobs 24
wait_on_run impl_1
set_property PROBES.FILE {/home/lsriw/SR/LechowiczMarek/lab8_1/hdmi_vga_zybo.xpr/hdmi_vga_zybo/hdmi_vga_zybo.runs/impl_1/hdmi_vga_wrapper.ltx} [get_hw_devices xc7z010_1]
set_property FULL_PROBES.FILE {/home/lsriw/SR/LechowiczMarek/lab8_1/hdmi_vga_zybo.xpr/hdmi_vga_zybo/hdmi_vga_zybo.runs/impl_1/hdmi_vga_wrapper.ltx} [get_hw_devices xc7z010_1]
set_property PROGRAM.FILE {/home/lsriw/SR/LechowiczMarek/lab8_1/hdmi_vga_zybo.xpr/hdmi_vga_zybo/hdmi_vga_zybo.runs/impl_1/hdmi_vga_wrapper.bit} [get_hw_devices xc7z010_1]
program_hw_devices [get_hw_devices xc7z010_1]
refresh_hw_device [lindex [get_hw_devices xc7z010_1] 0]
